[05/09/2026, 10.22.53] Koneksi WhatsApp TERHUBUNG.
[05/09/2026, 10.22.53] Antrian pending: 0 nomor menunggu klaim
[05/09/2026, 10.22.54] Grup target   : grup sales pt (120363021369281320@g.us)
[05/09/2026, 11.05.18] ========== PESAN MASUK ==========
[05/09/2026, 11.05.18] GROUP      : 120363021369281320@g.us
[05/09/2026, 11.05.18] TYPE       : notify
[05/09/2026, 11.05.18] GROUP_NAME : grup sales pt
[05/09/2026, 11.05.18] FROM ME    : false
[05/09/2026, 11.05.18] FROM       : 237829602938908@lid
[05/09/2026, 11.05.18] HAS_IMAGE  : true
[05/09/2026, 11.05.18] TEXT       : -
[05/09/2026, 11.05.18] IMAGE_SAVED : C:\react belajar\node-wa\media\1788581118737_237829602938908lid.jpg
[05/09/2026, 11.05.19] OCR_TEXT     : a +62 878-2581-0602 Siang 19 59 Kak ada jual vibrator listrik. ? 11.00
[05/09/2026, 11.05.19] PHONE_FOUND  : 6287825810602
[05/09/2026, 11.05.19] PENDING_QUEUE: 6287825810602 menunggu klaim (antrian: 1)
[05/09/2026, 11.05.19] ==================================
[05/09/2026, 11.05.27] ========== PESAN MASUK ==========
[05/09/2026, 11.05.27] GROUP      : 120363021369281320@g.us
[05/09/2026, 11.05.27] TYPE       : notify
[05/09/2026, 11.05.27] FROM       : 70884224147606@lid
[05/09/2026, 11.05.27] FROM ME    : false
[05/09/2026, 11.05.27] GROUP_NAME : grup sales pt
[05/09/2026, 11.05.27] TEXT       : Ok
[05/09/2026, 11.05.27] HAS_IMAGE  : false
[05/09/2026, 11.05.28] ========== PESAN MASUK ==========
[05/09/2026, 11.05.28] GROUP      : 120363021369281320@g.us
[05/09/2026, 11.05.28] FROM ME    : false
[05/09/2026, 11.05.28] TEXT       : Hallo Alma, Jangan lupa bukti FU di-upload di Paperwork yang sudah disediakan. Link Google Sheets: https://docs.google.com/spreadsheets/d/1AMNL3ksGukcge1PKfryXyl5ltqpG1wJIOxy0AcTCDh8/edit?gid=772573327#gid=772573327
[05/09/2026, 11.05.28] TYPE       : notify
[05/09/2026, 11.05.28] FROM       : 24202576969890@lid
[05/09/2026, 11.05.28] HAS_IMAGE  : false
[05/09/2026, 11.05.28] GROUP_NAME : grup sales pt
[05/09/2026, 11.05.28] ==================================
[05/09/2026, 11.05.31] ========== KLAIM PIC ==========
[05/09/2026, 11.05.31] CLAIMED_BY   : 70884224147606@lid
[05/09/2026, 11.05.31] PIC_NAME     : Alma
[05/09/2026, 11.05.31] METHOD       : FIFO
[05/09/2026, 11.05.31] PHONE        : 6287825810602
[05/09/2026, 11.05.31] ==================================
[05/09/2026, 11.05.31] ================================
[05/09/2026, 11.05.31] SHEET_STATUS : success
[05/09/2026, 11.05.42] TYPE       : notify
[05/09/2026, 11.05.42] ========== PESAN MASUK ==========
[05/09/2026, 11.05.42] GROUP_NAME : grup sales pt
[05/09/2026, 11.05.42] GROUP      : 120363021369281320@g.us
[05/09/2026, 11.05.42] TEXT       : 087825810602
[05/09/2026, 11.05.42] HAS_IMAGE  : false
[05/09/2026, 11.05.42] ==================================
[05/09/2026, 11.05.42] FROM       : 70884224147606@lid
[05/09/2026, 11.05.42] FROM ME    : false
[05/09/2026, 11.05.53] ========== PESAN MASUK ==========
[05/09/2026, 11.05.53] TYPE       : notify
[05/09/2026, 11.05.53] FROM       : 237829602938908@lid
[05/09/2026, 11.05.53] GROUP      : 120363021369281320@g.us
[05/09/2026, 11.05.53] FROM ME    : false
[05/09/2026, 11.05.53] GROUP_NAME : grup sales pt
[05/09/2026, 11.05.53] HAS_IMAGE  : true
[05/09/2026, 11.05.53] TEXT       : -
[05/09/2026, 11.05.53] IMAGE_SAVED : C:\react belajar\node-wa\media\1788581153514_237829602938908lid.jpg
[05/09/2026, 11.05.55] OCR_TEXT     : ) =) +62 856-7638-243 ors terakhir dilihat hari ini pukul 10.57 Genset 8 kva 6500 watt bensin Champion CEM8500 Rp 6.500.000,00 11.42 Har 1 pesan be CHAMPION £ POWER GENERATOR ata mal MA ana md Ba WE TM RD ” ap Ah . Meera SP ”4 BN am Tn % | 7 4 === - ART RE A £4 lp 4 E =A or ML: St NR, > © SPESIFICATION poy em Haiii Sa our fs ra es em asa) p—— CT —— ET TTT — (oti S—y gyi DO Ni berapa pak 09.44
[05/09/2026, 11.05.55] PHONE_FOUND  : 628567638243
[05/09/2026, 11.05.55] ==================================
[05/09/2026, 11.05.55] PENDING_QUEUE: 628567638243 menunggu klaim (antrian: 1)
[05/09/2026, 11.05.56] ========== PESAN MASUK ==========
[05/09/2026, 11.05.56] TYPE       : notify
[05/09/2026, 11.05.56] GROUP      : 120363021369281320@g.us
[05/09/2026, 11.05.56] GROUP_NAME : grup sales pt
[05/09/2026, 11.05.56] FROM       : 70884224147606@lid
[05/09/2026, 11.05.56] TEXT       : Ok
[05/09/2026, 11.05.56] FROM ME    : false
[05/09/2026, 11.05.56] HAS_IMAGE  : false
[05/09/2026, 11.05.57] ========== PESAN MASUK ==========
[05/09/2026, 11.05.57] GROUP      : 120363021369281320@g.us
[05/09/2026, 11.05.57] GROUP_NAME : grup sales pt
[05/09/2026, 11.05.57] TYPE       : notify
[05/09/2026, 11.05.57] FROM ME    : false
[05/09/2026, 11.05.57] FROM       : 24202576969890@lid
[05/09/2026, 11.05.57] TEXT       : Hallo Alma, Jangan lupa bukti FU di-upload di Paperwork yang sudah disediakan. Link Google Sheets: https://docs.google.com/spreadsheets/d/1AMNL3ksGukcge1PKfryXyl5ltqpG1wJIOxy0AcTCDh8/edit?gid=772573327#gid=772573327
[05/09/2026, 11.05.57] HAS_IMAGE  : false
[05/09/2026, 11.05.57] ==================================
[05/09/2026, 11.06.00] CLAIMED_BY   : 70884224147606@lid
[05/09/2026, 11.06.00] PIC_NAME     : Alma
[05/09/2026, 11.06.00] PHONE        : 628567638243
[05/09/2026, 11.06.00] ========== KLAIM PIC ==========
[05/09/2026, 11.06.00] METHOD       : FIFO
[05/09/2026, 11.06.00] ================================
[05/09/2026, 11.06.00] SHEET_STATUS : success
[05/09/2026, 11.06.00] ==================================
[05/09/2026, 12.56.18] Koneksi terputus (code 428). Reconnect dalam 3 detik...
[05/09/2026, 12.56.24] Koneksi WhatsApp TERHUBUNG.
[05/09/2026, 12.56.24] Antrian pending: 0 nomor menunggu klaim
[05/09/2026, 12.56.24] Grup target   : grup sales pt (120363021369281320@g.us)
