[21/08/2026, 14.54.36] Koneksi terputus (code 515). Reconnect dalam 3 detik...
[21/08/2026, 14.54.46] Koneksi WhatsApp TERHUBUNG.
[21/08/2026, 14.54.46] Grup target   : NOTIFIKASI SALES BIGDATA (120363411343925143@g.us)
[21/08/2026, 14.55.39] TYPE       : notify
[21/08/2026, 14.55.39] ========== PESAN MASUK ==========
[21/08/2026, 14.55.39] GROUP_NAME : NOTIFIKASI SALES BIGDATA
[21/08/2026, 14.55.39] GROUP      : 120363411343925143@g.us
[21/08/2026, 14.55.39] FROM ME    : false
[21/08/2026, 14.55.39] FROM       : 24202576969890@lid
[21/08/2026, 14.55.39] HAS_IMAGE  : true
[21/08/2026, 14.55.39] TEXT       : -
[21/08/2026, 14.55.40] IMAGE_SAVED : C:\react belajar\node-wa\media\1787298940485_24202576969890lid.jpg
[21/08/2026, 14.55.45] OCR_TEXT     : Ss +62 813-6029-5307 klik di sini untuk melihat info kontak Buk: Selamat siangpak | v © 1 k C r C Mau nanya daftar harga kompresor kak 11.47 Kompresor angin buat bengkel motor 11.48
[21/08/2026, 14.55.45] PHONE_FOUND  : 6281360295307
[21/08/2026, 14.55.45] ==================================
[21/08/2026, 15.15.40] TYPE       : notify
[21/08/2026, 15.15.40] ========== PESAN MASUK ==========
[21/08/2026, 15.15.40] GROUP_NAME : NOTIFIKASI SALES BIGDATA
[21/08/2026, 15.15.40] GROUP      : 120363411343925143@g.us
[21/08/2026, 15.15.40] FROM       : 24202576969890@lid
[21/08/2026, 15.15.40] TEXT       : -
[21/08/2026, 15.15.40] HAS_IMAGE  : true
[21/08/2026, 15.15.40] FROM ME    : false
[21/08/2026, 15.15.40] IMAGE_SAVED : C:\react belajar\node-wa\media\1787300140850_24202576969890lid.jpg
[21/08/2026, 15.15.42] OCR_TEXT     : +62 811-1288-706 ~PT. Jagat Saksana Makmur a 5 = * I ©) » & 8 xX Today at 11:14 : LE | — No WHE | lement Detail hom gr Toriah ‘3 £ Pornpa fers 7 uny Ld 9) / / 4 Jon Da Jhon “ Un ol id ) ” / ( my Anh TI ” Ig 2 ), ” 3%¢ bera Lenses 5 Verza un 3 & CUT, LAr | Agr 2 n 7 pon sa a Ce 6 ag Pf pac GEET Freq Ika Leas i
[21/08/2026, 15.15.42] PHONE_FOUND  : 628111288706
[21/08/2026, 15.15.42] ==================================
[21/08/2026, 15.31.14] ========== PESAN MASUK ==========
[21/08/2026, 15.31.14] GROUP      : 120363411343925143@g.us
[21/08/2026, 15.31.14] TYPE       : notify
[21/08/2026, 15.31.14] GROUP_NAME : NOTIFIKASI SALES BIGDATA
[21/08/2026, 15.31.14] FROM ME    : true
[21/08/2026, 15.31.14] FROM       : 94051781095519@lid
[21/08/2026, 15.31.14] TEXT       : -
[21/08/2026, 15.31.14] HAS_IMAGE  : false
[21/08/2026, 15.31.14] ==================================
[21/08/2026, 15.31.14] ========== PESAN MASUK ==========
[21/08/2026, 15.31.14] TYPE       : notify
[21/08/2026, 15.31.14] GROUP      : 120363411343925143@g.us
[21/08/2026, 15.31.14] FROM       : 94051781095519@lid
[21/08/2026, 15.31.14] FROM ME    : true
[21/08/2026, 15.31.14] TEXT       : -
[21/08/2026, 15.31.14] GROUP_NAME : NOTIFIKASI SALES BIGDATA
[21/08/2026, 15.31.14] HAS_IMAGE  : false
[21/08/2026, 15.31.14] ==================================
[21/08/2026, 15.32.20] ========== PESAN MASUK ==========
[21/08/2026, 15.32.20] TYPE       : notify
[21/08/2026, 15.32.20] GROUP      : 120363411343925143@g.us
[21/08/2026, 15.32.20] GROUP_NAME : NOTIFIKASI SALES BIGDATA
[21/08/2026, 15.32.20] FROM ME    : false
[21/08/2026, 15.32.20] FROM       : 24202576969890@lid
[21/08/2026, 15.32.20] HAS_IMAGE  : true
[21/08/2026, 15.32.20] TEXT       : -
[21/08/2026, 15.32.21] IMAGE_SAVED : C:\react belajar\node-wa\media\1787301141350_24202576969890lid.jpg
[21/08/2026, 15.32.23] OCR_TEXT     : ss 162 812-9867-6768 IE Add to li Self-priming time : 200 s/4m 5/25/2026 Max suction head : 6 m Cont.capacity : 180 m3/hari O Engine : Diesel Pompa Air : Suction discharge port diameter : 80 (3")mm(inch) Cont. head : 28 mm (inch) Max suction head : 7,5 m Speed : 7,0 (3.600)HP(rpm) Engine : Bensin 14:40 5/26/2026 +62 812-9867-6768 ~Steve Gerald Selamat siang ka. Saya saat ini sedang ada kebutuhan Pompa Air dengan spek berikut, apakah dari Tsuzumi ada ka?... Selamat sore ka, apakah ada ka pompa air dengan spek ini? 16:06 baik ka 16:07 Today 1 unread message Siang ka, saya ada kebutuhan genset 135kva silent, apakah bisa dibantu? 15:07
[21/08/2026, 15.32.23] PHONE_FOUND  : 6281298676768
[21/08/2026, 15.32.23] ==================================
[21/08/2026, 15.32.58] ========== PESAN MASUK ==========
[21/08/2026, 15.32.58] TYPE       : notify
[21/08/2026, 15.32.58] GROUP      : 120363411343925143@g.us
[21/08/2026, 15.32.58] GROUP_NAME : NOTIFIKASI SALES BIGDATA
[21/08/2026, 15.32.58] FROM       : 272468849725591@lid
[21/08/2026, 15.32.58] FROM ME    : false
[21/08/2026, 15.32.58] TEXT       : 0k
[21/08/2026, 15.32.58] HAS_IMAGE  : false
[21/08/2026, 15.32.58] ==================================
[21/08/2026, 15.33.06] GROUP      : 120363411343925143@g.us
[21/08/2026, 15.33.06] ========== PESAN MASUK ==========
[21/08/2026, 15.33.06] TYPE       : notify
[21/08/2026, 15.33.06] FROM       : 272468849725591@lid
[21/08/2026, 15.33.06] GROUP_NAME : NOTIFIKASI SALES BIGDATA
[21/08/2026, 15.33.06] HAS_IMAGE  : false
[21/08/2026, 15.33.06] ==================================
[21/08/2026, 15.33.06] FROM ME    : false
[21/08/2026, 15.33.06] TEXT       : ok
[21/08/2026, 15.33.18] ========== PESAN MASUK ==========
[21/08/2026, 15.33.18] TYPE       : notify
[21/08/2026, 15.33.18] GROUP_NAME : NOTIFIKASI SALES BIGDATA
[21/08/2026, 15.33.18] GROUP      : 120363411343925143@g.us
[21/08/2026, 15.33.18] FROM ME    : false
[21/08/2026, 15.33.18] TEXT       : 0k
[21/08/2026, 15.33.18] FROM       : 272468849725591@lid
[21/08/2026, 15.33.18] HAS_IMAGE  : false
[21/08/2026, 15.33.18] ==================================
[21/08/2026, 16.05.30] ========== PESAN MASUK ==========
[21/08/2026, 16.05.30] TYPE       : notify
[21/08/2026, 16.05.30] GROUP_NAME : NOTIFIKASI SALES BIGDATA
[21/08/2026, 16.05.30] TEXT       : 0k
[21/08/2026, 16.05.30] FROM       : 272468849725591@lid
[21/08/2026, 16.05.30] GROUP      : 120363411343925143@g.us
[21/08/2026, 16.05.30] FROM ME    : false
[21/08/2026, 16.05.30] ==================================
[21/08/2026, 16.05.30] HAS_IMAGE  : false
[21/08/2026, 16.06.10] ========== PESAN MASUK ==========
[21/08/2026, 16.06.10] TYPE       : notify
[21/08/2026, 16.06.10] GROUP      : 120363411343925143@g.us
[21/08/2026, 16.06.10] GROUP_NAME : NOTIFIKASI SALES BIGDATA
[21/08/2026, 16.06.10] TEXT       : 📊 REPORT AKTIVITAS SOSMED ━━━━━━━━━━━━━━━━━━━━ 📅 Tanggal: 21/08/2026 🗓️ Periode: Agustus 2026 ━━━━━━━━━━━━━━━━━━━━ 📸 AI FOTO • Azzah: 1 • Alma: 1 🤖 AI VIDEO • Dhita: 1 • Azzah: 1 • Alma: 1 🎥 VIDEO LANGSUNG • Dhita: 1 • Azzah: 1 • Ina: 1 • Alma: 1 ━━━━━━━━━━━━━━━━━━━━ 📈 TOTAL AKTIVITAS HARI INI: 9 ━━━━━━━━━━━━━━━━━━━━ 🗂️ REKAP MINGGU INI PER PIC (Senin s/d hari ini) 📸 AI Foto — Target 3/minggu/orang (1/10 sudah capai) ▫️ Dhita: 2/3 ✅ Azzah: 4/3 ▫️ Ina: 0/3 ▫️ Sifa: 1/3 ▫️ Alma: 2/3 ▫️ Ari: 2/3 ▫️ Lia: 0/3 ▫️ Maya: 0/3 ▫️ Dina: 0/3 ▫️ Erik: 1/3 🤖 AI Video — Target 2/minggu/orang (2/10 sudah capai) ✅ Dhita: 2/2 ✅ Azzah: 4/2 ▫️ Ina: 1/2 ▫️ Sifa: 0/2 ▫️ Alma: 1/2 ▫️ Ari: 0/2 ▫️ Lia: 0/2 ▫️ Maya: 1/2 ▫️ Dina: 0/2 ▫️ Erik: 1/2 🎥 Video Langsung — Target 6/minggu/orang, basis 1 upload/hari kerja (0/10 sudah capai) ▫️ Dhita: 4/6 ▫️ Azzah: 3/6 ▫️ Ina: 2/6 ▫️ Sifa: 4/6 ▫️ Alma: 3/6 ▫️ Ari: 0/6 ▫️ Lia: 0/6 ▫️ Maya: 1/6 ▫️ Dina: 0/6 ▫️ Erik: 1/6 ━━━━━━━━━━━━━━━━━━━━
[21/08/2026, 16.06.10] FROM       : 24202576969890@lid
[21/08/2026, 16.06.10] FROM ME    : false
[21/08/2026, 16.06.10] HAS_IMAGE  : false
[21/08/2026, 16.06.10] ==================================
[21/08/2026, 16.06.34] ========== PESAN MASUK ==========
[21/08/2026, 16.06.34] GROUP      : 120363411343925143@g.us
[21/08/2026, 16.06.34] TYPE       : notify
[21/08/2026, 16.06.34] GROUP_NAME : NOTIFIKASI SALES BIGDATA
[21/08/2026, 16.06.34] FROM       : 272468849725591@lid
[21/08/2026, 16.06.34] FROM ME    : false
[21/08/2026, 16.06.34] TEXT       : -
[21/08/2026, 16.06.34] HAS_IMAGE  : false
[21/08/2026, 16.06.34] ==================================
[21/08/2026, 16.16.43] TYPE       : notify
[21/08/2026, 16.16.43] ========== PESAN MASUK ==========
[21/08/2026, 16.16.43] GROUP_NAME : NOTIFIKASI SALES BIGDATA
[21/08/2026, 16.16.43] TEXT       : 📊 REPORT AKTIVITAS SOSMED ━━━━━━━━━━━━━━━━━━━━ 📅 Tanggal: 21/08/2026 🗓️ Periode: Agustus 2026 ━━━━━━━━━━━━━━━━━━━━ 📸 AI FOTO • Azzah: 1 • Alma: 1 🤖 AI VIDEO • Dhita: 1 • Azzah: 1 • Alma: 1 🎥 VIDEO LANGSUNG • Dhita: 1 • Azzah: 1 • Ina: 1 • Alma: 1 ━━━━━━━━━━━━━━━━━━━━ 📈 TOTAL AKTIVITAS HARI INI: 9 ━━━━━━━━━━━━━━━━━━━━ 🗂️ REKAP MINGGU INI PER PIC (Senin s/d hari ini) 📸 AI Foto — Target 3/minggu/orang (1/10 sudah capai) ▫️ Dhita: 2/3 ✅ Azzah: 4/3 ▫️ Ina: 0/3 ▫️ Sifa: 1/3 ▫️ Alma: 2/3 ▫️ Ari: 2/3 ▫️ Lia: 0/3 ▫️ Maya: 0/3 ▫️ Dina: 0/3 ▫️ Erik: 1/3 🤖 AI Video — Target 2/minggu/orang (2/10 sudah capai) ✅ Dhita: 2/2 ✅ Azzah: 4/2 ▫️ Ina: 1/2 ▫️ Sifa: 0/2 ▫️ Alma: 1/2 ▫️ Ari: 0/2 ▫️ Lia: 0/2 ▫️ Maya: 1/2 ▫️ Dina: 0/2 ▫️ Erik: 1/2 🎥 Video Langsung — Target 6/minggu/orang, basis 1 upload/hari kerja (0/10 sudah capai) ▫️ Dhita: 4/6 ▫️ Azzah: 3/6 ▫️ Ina: 2/6 ▫️ Sifa: 4/6 ▫️ Alma: 3/6 ▫️ Ari: 0/6 ▫️ Lia: 0/6 ▫️ Maya: 1/6 ▫️ Dina: 0/6 ▫️ Erik: 1/6 ━━━━━━━━━━━━━━━━━━━━
[21/08/2026, 16.16.43] HAS_IMAGE  : false
[21/08/2026, 16.16.43] ==================================
[21/08/2026, 16.16.43] GROUP      : 120363411343925143@g.us
[21/08/2026, 16.16.43] FROM ME    : false
[21/08/2026, 16.16.43] FROM       : 24202576969890@lid
[21/08/2026, 16.32.09] ========== PESAN MASUK ==========
[21/08/2026, 16.32.09] TYPE       : notify
[21/08/2026, 16.32.09] FROM       : 94051781095519@lid
[21/08/2026, 16.32.09] GROUP      : 120363411343925143@g.us
[21/08/2026, 16.32.09] FROM ME    : true
[21/08/2026, 16.32.09] TEXT       : -
[21/08/2026, 16.32.09] HAS_IMAGE  : true
[21/08/2026, 16.32.09] GROUP_NAME : NOTIFIKASI SALES BIGDATA
[21/08/2026, 16.32.09] IMAGE_SAVED : C:\react belajar\node-wa\media\1787304729901_94051781095519lid.jpg
[21/08/2026, 16.32.10] OCR_TEXT     : Ss +62 813-6029-5307 klik di sini untuk melihat info kontak Buk: Selamat siangpak | v © 1 k [1 r C Mau nanya daftar harga kompresor kak 11.47 Kompresor angin buat bengkel motor 11.48
[21/08/2026, 16.32.10] PHONE_FOUND  : 6281360295307
[21/08/2026, 16.32.10] ==================================
[21/08/2026, 16.33.05] TYPE       : notify
[21/08/2026, 16.33.05] ========== PESAN MASUK ==========
[21/08/2026, 16.33.05] GROUP_NAME : NOTIFIKASI SALES BIGDATA
[21/08/2026, 16.33.05] GROUP      : 120363411343925143@g.us
[21/08/2026, 16.33.05] FROM       : 272468849725591@lid
[21/08/2026, 16.33.05] TEXT       : 0k
[21/08/2026, 16.33.05] HAS_IMAGE  : false
[21/08/2026, 16.33.05] FROM ME    : false
[21/08/2026, 16.33.05] ==================================
[21/08/2026, 16.34.15] ========== PESAN MASUK ==========
[21/08/2026, 16.34.15] TYPE       : notify
[21/08/2026, 16.34.15] GROUP      : 120363411343925143@g.us
[21/08/2026, 16.34.15] GROUP_NAME : NOTIFIKASI SALES BIGDATA
[21/08/2026, 16.34.15] FROM       : 272468849725591@lid
[21/08/2026, 16.34.15] TEXT       : ok
[21/08/2026, 16.34.15] FROM ME    : false
[21/08/2026, 16.34.15] HAS_IMAGE  : false
[21/08/2026, 16.34.15] ==================================
[21/08/2026, 16.34.22] TYPE       : notify
[21/08/2026, 16.34.22] ========== PESAN MASUK ==========
[21/08/2026, 16.34.22] GROUP_NAME : NOTIFIKASI SALES BIGDATA
[21/08/2026, 16.34.22] GROUP      : 120363411343925143@g.us
[21/08/2026, 16.34.22] FROM ME    : false
[21/08/2026, 16.34.22] TEXT       : ok
[21/08/2026, 16.34.22] FROM       : 272468849725591@lid
[21/08/2026, 16.34.22] HAS_IMAGE  : false
[21/08/2026, 16.34.22] ==================================
[21/08/2026, 16.34.24] GROUP      : 120363411343925143@g.us
[21/08/2026, 16.34.24] ========== PESAN MASUK ==========
[21/08/2026, 16.34.24] TYPE       : notify
[21/08/2026, 16.34.24] FROM       : 272468849725591@lid
[21/08/2026, 16.34.24] FROM ME    : false
[21/08/2026, 16.34.24] GROUP_NAME : NOTIFIKASI SALES BIGDATA
[21/08/2026, 16.34.24] HAS_IMAGE  : false
[21/08/2026, 16.34.24] ==================================
[21/08/2026, 16.34.24] TEXT       : ok
[21/08/2026, 16.34.24] ========== PESAN MASUK ==========
[21/08/2026, 16.34.24] GROUP      : 120363411343925143@g.us
[21/08/2026, 16.34.24] GROUP_NAME : NOTIFIKASI SALES BIGDATA
[21/08/2026, 16.34.24] FROM       : 272468849725591@lid
[21/08/2026, 16.34.24] TYPE       : notify
[21/08/2026, 16.34.24] HAS_IMAGE  : false
[21/08/2026, 16.34.24] TEXT       : ok
[21/08/2026, 16.34.24] FROM ME    : false
[21/08/2026, 16.34.24] ==================================
[21/08/2026, 16.34.24] ========== PESAN MASUK ==========
[21/08/2026, 16.34.24] TYPE       : notify
[21/08/2026, 16.34.24] GROUP      : 120363411343925143@g.us
[21/08/2026, 16.34.24] GROUP_NAME : NOTIFIKASI SALES BIGDATA
[21/08/2026, 16.34.24] FROM       : 272468849725591@lid
[21/08/2026, 16.34.24] FROM ME    : false
[21/08/2026, 16.34.24] TEXT       : ok
[21/08/2026, 16.34.24] HAS_IMAGE  : false
[21/08/2026, 16.34.24] ==================================
[21/08/2026, 16.34.27] ========== PESAN MASUK ==========
[21/08/2026, 16.34.27] GROUP      : 120363411343925143@g.us
[21/08/2026, 16.34.27] TYPE       : notify
[21/08/2026, 16.34.27] FROM       : 272468849725591@lid
[21/08/2026, 16.34.27] GROUP_NAME : NOTIFIKASI SALES BIGDATA
[21/08/2026, 16.34.27] HAS_IMAGE  : false
[21/08/2026, 16.34.27] TEXT       : oke
[21/08/2026, 16.34.27] FROM ME    : false
[21/08/2026, 16.34.27] ==================================
[21/08/2026, 16.43.28] Koneksi WhatsApp TERHUBUNG.
[21/08/2026, 16.43.28] Antrian pending: 0 nomor menunggu klaim
[21/08/2026, 16.43.28] Grup target   : NOTIFIKASI SALES BIGDATA (120363411343925143@g.us)
[21/08/2026, 16.43.44] ========== PESAN MASUK ==========
[21/08/2026, 16.43.44] TYPE       : notify
[21/08/2026, 16.43.44] GROUP      : 120363411343925143@g.us
[21/08/2026, 16.43.44] GROUP_NAME : NOTIFIKASI SALES BIGDATA
[21/08/2026, 16.43.44] FROM       : 94051781095519@lid
[21/08/2026, 16.43.44] FROM ME    : true
[21/08/2026, 16.43.44] TEXT       : -
[21/08/2026, 16.43.44] HAS_IMAGE  : true
[21/08/2026, 16.43.46] IMAGE_SAVED : C:\react belajar\node-wa\media\1787305426608_94051781095519lid.jpg
[21/08/2026, 16.43.47] OCR_TEXT     : B +62 858-9234-7740 8 Messages and calls are end-to- read, listen to, or sh: +62 85 Not a contact C selamat siang kak 14:07 kak maaf mau tanya barang ini ada kah ? 14:07 Pompa Celup Tsuzumi 3 Inch 1 Phase WQV1500F 14:07
[21/08/2026, 16.43.47] PHONE_FOUND  : 6285892347740
[21/08/2026, 16.43.47] PENDING_QUEUE: 6285892347740 menunggu klaim (antrian: 1)
[21/08/2026, 16.43.47] ==================================
[21/08/2026, 16.43.59] ========== PESAN MASUK ==========
[21/08/2026, 16.43.59] GROUP_NAME : NOTIFIKASI SALES BIGDATA
[21/08/2026, 16.43.59] GROUP      : 120363411343925143@g.us
[21/08/2026, 16.43.59] TYPE       : notify
[21/08/2026, 16.43.59] FROM       : 272468849725591@lid
[21/08/2026, 16.43.59] TEXT       : ok
[21/08/2026, 16.43.59] FROM ME    : false
[21/08/2026, 16.43.59] HAS_IMAGE  : false
[21/08/2026, 16.44.01] ========== KLAIM PIC ==========
[21/08/2026, 16.44.01] CLAIMED_BY   : 272468849725591@lid
[21/08/2026, 16.44.01] SHEET_STATUS : success
[21/08/2026, 16.44.01] ================================
[21/08/2026, 16.44.01] ==================================
[21/08/2026, 16.44.01] PHONE        : 6285892347740
[21/08/2026, 16.44.01] PIC_NAME     : Nama Sales A
[21/08/2026, 16.44.16] ========== PESAN MASUK ==========
[21/08/2026, 16.44.16] TYPE       : notify
[21/08/2026, 16.44.16] GROUP      : 120363411343925143@g.us
[21/08/2026, 16.44.16] FROM       : 272468849725591@lid
[21/08/2026, 16.44.16] GROUP_NAME : NOTIFIKASI SALES BIGDATA
[21/08/2026, 16.44.16] TEXT       : ok
[21/08/2026, 16.44.16] CLAIM_SKIP   : tidak ada nomor HP pending untuk diklaim
[21/08/2026, 16.44.16] ==================================
[21/08/2026, 16.44.16] HAS_IMAGE  : false
[21/08/2026, 16.44.16] FROM ME    : false
[21/08/2026, 16.55.17] Koneksi WhatsApp TERHUBUNG.
[21/08/2026, 16.55.17] Antrian pending: 0 nomor menunggu klaim
[21/08/2026, 16.55.18] Grup target   : NOTIFIKASI SALES BIGDATA (120363411343925143@g.us)
[21/08/2026, 16.55.41] TYPE       : notify
[21/08/2026, 16.55.41] GROUP      : 120363411343925143@g.us
[21/08/2026, 16.55.41] ========== PESAN MASUK ==========
[21/08/2026, 16.55.41] GROUP_NAME : NOTIFIKASI SALES BIGDATA
[21/08/2026, 16.55.41] FROM       : 94051781095519@lid
[21/08/2026, 16.55.41] HAS_IMAGE  : true
[21/08/2026, 16.55.41] TEXT       : -
[21/08/2026, 16.55.41] FROM ME    : true
[21/08/2026, 16.55.43] IMAGE_SAVED : C:\react belajar\node-wa\media\1787306143026_94051781095519lid.jpg
[21/08/2026, 16.55.44] OCR_TEXT     : 10.55 GH A a ED & 2 +62 838-0816-... = R3 @ — 162 838-0816-1685 Bukan kontak * Tidak ada grup yang sama O Alat keamanan O Blokir & Tambah 1 pesan belum dibaca Siang pak 0. Terima kasih telah menghubungi Pelangi Teknik Indonesia. Untuk melihat produk kami bs cek di website official kami di pelangiteknik.com / hub no kantor kami di 021-62303512 ,sales 16285938552576 atau berkunjung ke tempat kami google map pelangi teknik indonesia https://maps.app .goo.gl/hLLZxhY5FrxmP2BU8 office hour, thx 10.52 4 @ Pesan 0 ©@ Oo 1 1G) <
[21/08/2026, 16.55.44] PHONE_FOUND  : 6283808161685
[21/08/2026, 16.55.44] PENDING_QUEUE: 6283808161685 menunggu klaim (antrian: 1)
[21/08/2026, 16.55.44] ==================================
[21/08/2026, 16.55.52] ========== PESAN MASUK ==========
[21/08/2026, 16.55.52] TYPE       : notify
[21/08/2026, 16.55.52] GROUP      : 120363411343925143@g.us
[21/08/2026, 16.55.52] FROM       : 272468849725591@lid
[21/08/2026, 16.55.52] FROM ME    : false
[21/08/2026, 16.55.52] GROUP_NAME : NOTIFIKASI SALES BIGDATA
[21/08/2026, 16.55.52] HAS_IMAGE  : false
[21/08/2026, 16.55.52] TEXT       : ok
[21/08/2026, 16.55.53] ========== KLAIM PIC ==========
[21/08/2026, 16.55.53] CLAIMED_BY   : 272468849725591@lid
[21/08/2026, 16.55.53] PIC_NAME     : Ridwan
[21/08/2026, 16.55.53] PHONE        : 6283808161685
[21/08/2026, 16.55.53] ================================
[21/08/2026, 16.55.53] SHEET_STATUS : success
[21/08/2026, 16.55.53] ==================================
