[28/08/2026, 09.15.24] Koneksi WhatsApp TERHUBUNG.
[28/08/2026, 09.15.24] Antrian pending: 0 nomor menunggu klaim
[28/08/2026, 09.15.25] Grup target   : grup sales pt (120363021369281320@g.us)
[28/08/2026, 11.08.52] ========== PESAN MASUK ==========
[28/08/2026, 11.08.52] TYPE       : notify
[28/08/2026, 11.08.52] FROM       : 24202576969890@lid
[28/08/2026, 11.08.52] GROUP      : 120363021369281320@g.us
[28/08/2026, 11.08.52] FROM ME    : false
[28/08/2026, 11.08.52] GROUP_NAME : grup sales pt
[28/08/2026, 11.08.52] HAS_IMAGE  : false
[28/08/2026, 11.08.52] TEXT       : 📊 *REPORT CUSTOMER BASE* *Sales_Ina* ━━━━━━━━━━━━━━━━━━━━ 📅 *Tanggal:* Jumat, 28 Agustus 2026 ❄️ *COLD* Prospek: *0* 💰 Total Harga: *Rp 0* 🧾 DPP: *Rp 0* 🔥 *WARM* Prospek: *0* 💰 Total Harga: *Rp 0* 🧾 DPP: *Rp 0* 🚨 *HOT* Prospek: *0* 💰 Total Harga: *Rp 0* 🧾 DPP: *Rp 0* ━━━━━━━━━━━━━━━━━━━━ 📈 *TOTAL PROSPEK: 0* *REKAP SUMBER LEAD* • Belum ada sumber lead *REKAP HOT DEALS SESUAI BRAND* • Belum ada HOT DEAL *REKAP PEMBAYARAN SEMUA TRANSAKSI* • DP: 2 • Lunas: 3
[28/08/2026, 11.08.52] ==================================
[28/08/2026, 11.08.56] ========== PESAN MASUK ==========
[28/08/2026, 11.08.56] TYPE       : notify
[28/08/2026, 11.08.56] GROUP      : 120363021369281320@g.us
[28/08/2026, 11.08.56] GROUP_NAME : grup sales pt
[28/08/2026, 11.08.56] FROM       : 24202576969890@lid
[28/08/2026, 11.08.56] FROM ME    : false
[28/08/2026, 11.08.56] TEXT       : 📊 *REPORT CUSTOMER BASE* *Sales_Ina* ━━━━━━━━━━━━━━━━━━━━ 📅 *Tanggal:* Jumat, 28 Agustus 2026 ❄️ *COLD* Prospek: *0* 💰 Total Harga: *Rp 0* 🧾 DPP: *Rp 0* 🔥 *WARM* Prospek: *0* 💰 Total Harga: *Rp 0* 🧾 DPP: *Rp 0* 🚨 *HOT* Prospek: *0* 💰 Total Harga: *Rp 0* 🧾 DPP: *Rp 0* ━━━━━━━━━━━━━━━━━━━━ 📈 *TOTAL PROSPEK: 0* *REKAP SUMBER LEAD* • Belum ada sumber lead *REKAP HOT DEALS SESUAI BRAND* • Belum ada HOT DEAL *REKAP PEMBAYARAN SEMUA TRANSAKSI* • DP: 2 • Lunas: 3
[28/08/2026, 11.08.56] HAS_IMAGE  : false
[28/08/2026, 11.08.56] ==================================
[28/08/2026, 11.09.39] ========== PESAN MASUK ==========
[28/08/2026, 11.09.39] TYPE       : notify
[28/08/2026, 11.09.39] GROUP      : 120363021369281320@g.us
[28/08/2026, 11.09.39] FROM       : 24202576969890@lid
[28/08/2026, 11.09.39] FROM ME    : false
[28/08/2026, 11.09.39] ==================================
[28/08/2026, 11.09.39] GROUP_NAME : grup sales pt
[28/08/2026, 11.09.39] TEXT       : -
[28/08/2026, 11.09.39] HAS_IMAGE  : false
[28/08/2026, 11.09.39] ========== PESAN MASUK ==========
[28/08/2026, 11.09.39] GROUP      : 120363021369281320@g.us
[28/08/2026, 11.09.39] FROM       : 24202576969890@lid
[28/08/2026, 11.09.39] GROUP_NAME : grup sales pt
[28/08/2026, 11.09.39] TEXT       : -
[28/08/2026, 11.09.39] HAS_IMAGE  : false
[28/08/2026, 11.09.39] TYPE       : notify
[28/08/2026, 11.09.39] FROM ME    : false
[28/08/2026, 11.09.39] ==================================
[28/08/2026, 12.00.10] ========== PESAN MASUK ==========
[28/08/2026, 12.00.10] TYPE       : notify
[28/08/2026, 12.00.10] GROUP_NAME : grup sales pt
[28/08/2026, 12.00.10] FROM       : 237829602938908@lid
[28/08/2026, 12.00.10] GROUP      : 120363021369281320@g.us
[28/08/2026, 12.00.10] FROM ME    : false
[28/08/2026, 12.00.10] TEXT       : -
[28/08/2026, 12.00.10] ==================================
[28/08/2026, 12.00.10] HAS_IMAGE  : false
[28/08/2026, 12.00.10] ========== PESAN MASUK ==========
[28/08/2026, 12.00.10] TYPE       : notify
[28/08/2026, 12.00.10] GROUP_NAME : grup sales pt
[28/08/2026, 12.00.10] FROM       : 237829602938908@lid
[28/08/2026, 12.00.10] FROM ME    : false
[28/08/2026, 12.00.10] TEXT       : -
[28/08/2026, 12.00.10] HAS_IMAGE  : true
[28/08/2026, 12.00.10] GROUP      : 120363021369281320@g.us
[28/08/2026, 12.00.10] IMAGE_SAVED : C:\react belajar\node-wa\media\1787893210826_237829602938908lid.jpg
[28/08/2026, 12.00.14] OCR_TEXT     : 12.00 AG: “Sal pa GR) +62 878-8346-7160 = vo: < Siang Pelangi Teknik , ;, Terima kasih telah menghubungi Pelangi Teknik Indonesia. Untuk melihat produk kami bs cek di website official kami di pelangiteknik.com / hub no kantor kami di 1G) 021-62303512 ,sales +6285938552576 atau berkunjung ke tempat kami google map pelangi teknik indonesia https://maps.app.goo.gl/hLLZxhY5FrxmP2BU8 office hour, thx 11.14 4 Ada jual mesin asphalt cutter yang untuk pisau 18" gak ya? 1. ., [11 (@] Pesan 0 ©@ Oo
[28/08/2026, 12.00.14] PHONE_FOUND  : 6287883467160
[28/08/2026, 12.00.14] PENDING_QUEUE: 6287883467160 menunggu klaim (antrian: 1)
[28/08/2026, 12.00.14] ==================================
[28/08/2026, 12.00.45] ========== PESAN MASUK ==========
[28/08/2026, 12.00.45] TYPE       : notify
[28/08/2026, 12.00.45] GROUP      : 120363021369281320@g.us
[28/08/2026, 12.00.45] GROUP_NAME : grup sales pt
[28/08/2026, 12.00.45] FROM       : 138260047257624@lid
[28/08/2026, 12.00.45] FROM ME    : false
[28/08/2026, 12.00.45] TEXT       : Oke
[28/08/2026, 12.00.45] HAS_IMAGE  : false
[28/08/2026, 12.00.46] ========== PESAN MASUK ==========
[28/08/2026, 12.00.46] GROUP      : 120363021369281320@g.us
[28/08/2026, 12.00.46] FROM ME    : false
[28/08/2026, 12.00.46] GROUP_NAME : grup sales pt
[28/08/2026, 12.00.46] TEXT       : Hallo Erik, Jangan lupa bukti FU di-upload di Paperwork yang sudah disediakan. Link Google Sheets: https://docs.google.com/spreadsheets/d/1q2hLw077h8uJAYJMu3uxT-TxT3HV78DojFAvhI7T7hY/edit?gid=147428211#gid=147428211
[28/08/2026, 12.00.46] FROM       : 24202576969890@lid
[28/08/2026, 12.00.46] HAS_IMAGE  : false
[28/08/2026, 12.00.46] TYPE       : notify
[28/08/2026, 12.00.46] ==================================
[28/08/2026, 12.00.47] ========== KLAIM PIC ==========
[28/08/2026, 12.00.47] CLAIMED_BY   : 138260047257624@lid
[28/08/2026, 12.00.47] PIC_NAME     : Erik
[28/08/2026, 12.00.47] PHONE        : 6287883467160
[28/08/2026, 12.00.47] METHOD       : Reply
[28/08/2026, 12.00.47] SHEET_STATUS : success
[28/08/2026, 12.00.47] ================================
[28/08/2026, 12.00.47] ==================================
[28/08/2026, 13.10.43] Koneksi terputus (code 408). Reconnect dalam 3 detik...
[28/08/2026, 13.10.49] Koneksi WhatsApp TERHUBUNG.
[28/08/2026, 13.10.49] Antrian pending: 0 nomor menunggu klaim
[28/08/2026, 13.10.50] Grup target   : grup sales pt (120363021369281320@g.us)
[28/08/2026, 13.59.31] ========== PESAN MASUK ==========
[28/08/2026, 13.59.31] TYPE       : notify
[28/08/2026, 13.59.31] GROUP      : 120363021369281320@g.us
[28/08/2026, 13.59.31] GROUP_NAME : grup sales pt
[28/08/2026, 13.59.31] TEXT       : -
[28/08/2026, 13.59.31] HAS_IMAGE  : true
[28/08/2026, 13.59.31] FROM ME    : false
[28/08/2026, 13.59.31] FROM       : 237829602938908@lid
[28/08/2026, 13.59.32] IMAGE_SAVED : C:\react belajar\node-wa\media\1787900372334_237829602938908lid.jpg
[28/08/2026, 13.59.32] OCR_TEXT     : 162 813-1531-2658 terakhir dilihat hari ini pukul 13.52 Bul Siang Bu 13.47 Mau tanya pompa alkon yg 4" harga brp ya 1
[28/08/2026, 13.59.32] PHONE_FOUND  : 6281315312658
[28/08/2026, 13.59.32] PENDING_QUEUE: 6281315312658 menunggu klaim (antrian: 1)
[28/08/2026, 13.59.32] ==================================
[28/08/2026, 13.59.39] ========== PESAN MASUK ==========
[28/08/2026, 13.59.39] GROUP      : 120363021369281320@g.us
[28/08/2026, 13.59.39] FROM       : 138260047257624@lid
[28/08/2026, 13.59.39] GROUP_NAME : grup sales pt
[28/08/2026, 13.59.39] FROM ME    : false
[28/08/2026, 13.59.39] TYPE       : notify
[28/08/2026, 13.59.39] TEXT       : oke
[28/08/2026, 13.59.39] HAS_IMAGE  : false
[28/08/2026, 13.59.40] ========== PESAN MASUK ==========
[28/08/2026, 13.59.40] GROUP      : 120363021369281320@g.us
[28/08/2026, 13.59.40] GROUP_NAME : grup sales pt
[28/08/2026, 13.59.40] FROM ME    : false
[28/08/2026, 13.59.40] TEXT       : Hallo Erik, Jangan lupa bukti FU di-upload di Paperwork yang sudah disediakan. Link Google Sheets: https://docs.google.com/spreadsheets/d/1q2hLw077h8uJAYJMu3uxT-TxT3HV78DojFAvhI7T7hY/edit?gid=147428211#gid=147428211
[28/08/2026, 13.59.40] HAS_IMAGE  : false
[28/08/2026, 13.59.40] ==================================
[28/08/2026, 13.59.40] FROM       : 24202576969890@lid
[28/08/2026, 13.59.40] TYPE       : notify
[28/08/2026, 13.59.40] ========== KLAIM PIC ==========
[28/08/2026, 13.59.40] PHONE        : 6281315312658
[28/08/2026, 13.59.40] PIC_NAME     : Erik
[28/08/2026, 13.59.40] METHOD       : FIFO
[28/08/2026, 13.59.40] ================================
[28/08/2026, 13.59.40] CLAIMED_BY   : 138260047257624@lid
[28/08/2026, 13.59.40] SHEET_STATUS : success
[28/08/2026, 13.59.40] ==================================
[28/08/2026, 16.18.29] ========== PESAN MASUK ==========
[28/08/2026, 16.18.29] TYPE       : notify
[28/08/2026, 16.18.29] GROUP      : 120363021369281320@g.us
[28/08/2026, 16.18.29] FROM       : 24202576969890@lid
[28/08/2026, 16.18.29] FROM ME    : false
[28/08/2026, 16.18.29] GROUP_NAME : grup sales pt
[28/08/2026, 16.18.29] TEXT       : == Jumat, 28 Agustus 2026 pukul 16.18.28 == *Sales Payment Confirmed* telah melakukan pembayaran Nota: https://get.paper.id/WxTk2PH No. Invoice: INV/28082026/P-1813D7FF6F Customer: Verdy Nomor Customer: 628997799799 Alamat: Ruko Golden Boulevard Blok J No. 01 BSD City *Detail Item:* 1. Bare Pump / Kepala Kompresor 3 hp 8 bar Montoya D-0.28/8 Qty: 1 | Harga: Rp 3.200.000 | Jumlah: Rp 3.200.000 *Total:* - Subtotal: Rp 3.200.000 - Diskon: - - Total Terbayar: Rp 3.200.000 Kode Voucher: NOVOUCHER *Status: LUNAS*
[28/08/2026, 16.18.29] ==================================
[28/08/2026, 16.18.29] HAS_IMAGE  : false
[28/08/2026, 16.18.30] ========== PESAN MASUK ==========
[28/08/2026, 16.18.30] GROUP      : 120363021369281320@g.us
[28/08/2026, 16.18.30] GROUP_NAME : grup sales pt
[28/08/2026, 16.18.30] FROM       : 24202576969890@lid
[28/08/2026, 16.18.30] FROM ME    : false
[28/08/2026, 16.18.30] TEXT       : Transaksi lewat website official minimal 10jt brand tsuzumi + googlemap customer wajib diberikan *Souvenir E-Money* dan catat di paperwork, terimakasih :)
[28/08/2026, 16.18.30] HAS_IMAGE  : false
[28/08/2026, 16.18.30] TYPE       : notify
[28/08/2026, 16.18.30] ==================================
[28/08/2026, 16.20.28] ========== PESAN MASUK ==========
[28/08/2026, 16.20.28] GROUP      : 120363021369281320@g.us
[28/08/2026, 16.20.28] TYPE       : notify
[28/08/2026, 16.20.28] FROM       : 61091681939696@lid
[28/08/2026, 16.20.28] GROUP_NAME : grup sales pt
[28/08/2026, 16.20.28] FROM ME    : false
[28/08/2026, 16.20.28] TEXT       : -
[28/08/2026, 16.20.28] HAS_IMAGE  : false
[28/08/2026, 16.20.28] ==================================
[28/08/2026, 16.23.50] Koneksi terputus (code 428). Reconnect dalam 3 detik...
[28/08/2026, 16.23.56] Koneksi WhatsApp TERHUBUNG.
[28/08/2026, 16.23.56] Antrian pending: 0 nomor menunggu klaim
[28/08/2026, 16.23.57] Grup target   : grup sales pt (120363021369281320@g.us)
