[22/08/2026, 14.28.19] Koneksi WhatsApp TERHUBUNG.
[22/08/2026, 14.28.19] Antrian pending: 0 nomor menunggu klaim
[22/08/2026, 14.28.20] Grup target   : grup sales pt (120363021369281320@g.us)
[22/08/2026, 14.29.44] BACKFILL     : rentang mulai Sabtu, 01/08/2026, 00.00.00 WIB
[22/08/2026, 14.29.44] Menunggu chunk histori pertama (full sync)...
[22/08/2026, 14.29.45] Koneksi terputus (code 440). Reconnect dalam 3 detik...
[22/08/2026, 14.29.46] Koneksi WhatsApp TERHUBUNG - menunggu history sync...
[22/08/2026, 14.29.49] Koneksi terputus (code 440). Reconnect dalam 3 detik... (1/5)
[22/08/2026, 14.29.50] Koneksi WhatsApp TERHUBUNG.
[22/08/2026, 14.29.50] Antrian pending: 0 nomor menunggu klaim
[22/08/2026, 14.29.50] Grup target   : grup sales pt (120363021369281320@g.us)
[22/08/2026, 14.29.54] Koneksi terputus (code 440). Reconnect dalam 3 detik...
[22/08/2026, 14.29.55] Koneksi WhatsApp TERHUBUNG - menunggu history sync...
[22/08/2026, 14.29.58] Koneksi terputus (code 440). Reconnect dalam 3 detik... (2/5)
[22/08/2026, 14.29.59] Koneksi WhatsApp TERHUBUNG.
[22/08/2026, 14.29.59] Antrian pending: 0 nomor menunggu klaim
[22/08/2026, 14.29.59] Grup target   : grup sales pt (120363021369281320@g.us)
[22/08/2026, 14.30.03] Koneksi terputus (code 440). Reconnect dalam 3 detik...
[22/08/2026, 14.30.04] Koneksi WhatsApp TERHUBUNG - menunggu history sync...
[22/08/2026, 14.30.07] Koneksi terputus (code 440). Reconnect dalam 3 detik... (3/5)
[22/08/2026, 14.30.08] Koneksi WhatsApp TERHUBUNG.
[22/08/2026, 14.30.08] Antrian pending: 0 nomor menunggu klaim
[22/08/2026, 14.30.08] Grup target   : grup sales pt (120363021369281320@g.us)
[22/08/2026, 14.30.12] Koneksi terputus (code 440). Reconnect dalam 3 detik...
[22/08/2026, 14.30.13] Koneksi WhatsApp TERHUBUNG - menunggu history sync...
[22/08/2026, 14.30.18] Koneksi terputus (code 440). Reconnect dalam 3 detik... (4/5)
[22/08/2026, 14.30.19] Antrian pending: 0 nomor menunggu klaim
[22/08/2026, 14.30.19] Koneksi WhatsApp TERHUBUNG.
[22/08/2026, 14.30.20] Grup target   : grup sales pt (120363021369281320@g.us)
[22/08/2026, 14.30.22] Koneksi terputus (code 440). Reconnect dalam 3 detik...
[22/08/2026, 14.30.23] Koneksi WhatsApp TERHUBUNG - menunggu history sync...
[22/08/2026, 14.30.27] Koneksi terputus (code 440). Reconnect dalam 3 detik... (5/5)
[22/08/2026, 14.30.28] Koneksi WhatsApp TERHUBUNG.
[22/08/2026, 14.30.28] Antrian pending: 0 nomor menunggu klaim
[22/08/2026, 14.30.29] Grup target   : grup sales pt (120363021369281320@g.us)
[22/08/2026, 14.30.31] Koneksi terputus (code 440). Reconnect dalam 3 detik...
[22/08/2026, 14.30.32] Koneksi WhatsApp TERHUBUNG - menunggu history sync...
[22/08/2026, 14.30.36] Koneksi WhatsApp TERHUBUNG.
[22/08/2026, 14.30.36] Antrian pending: 0 nomor menunggu klaim
[22/08/2026, 14.30.36] Grup target   : grup sales pt (120363021369281320@g.us)
[22/08/2026, 14.31.14] PERINGATAN   : tidak ada chunk histori dalam batas tunggu - lanjut dengan apa yang ada.
[22/08/2026, 14.31.14] BACKFILL     : 0 pesan grup akan diproses kronologis
[22/08/2026, 14.31.14] Pesan grup      : 0 unik diproses
[22/08/2026, 14.31.14] Rentang         : Sabtu, 01/08/2026, 00.00.00 s.d. sekarang (WIB)
[22/08/2026, 14.31.14] Sudah diproses  : 0 (dari run sebelumnya, dilewati)
[22/08/2026, 14.31.14] Klaim           : 0 ditulis | tanpa target: 0
[22/08/2026, 14.31.14] Baris sheet     : OK 0 | gagal 0
[22/08/2026, 14.31.14] Sisa antrian    : 0 nomor tak terklaim sampai akhir histori
[22/08/2026, 14.31.14] Prosesed ids    : C:\react belajar\node-wa\data\backfillProcessed.json
[22/08/2026, 14.31.14] ========================================
[22/08/2026, 14.31.14] Gambar          : 0 | media gagal/kadaluarsa: 0
[22/08/2026, 14.31.14] ========== RINGKASAN BACKFILL ==========
[22/08/2026, 14.31.14] Nomor pending   : +0 | duplikat dilewati: 0
[22/08/2026, 14.32.47] BACKFILL     : rentang mulai Sabtu, 01/08/2026, 00.00.00 WIB
[22/08/2026, 14.32.47] Menunggu chunk histori pertama (full sync)...
[22/08/2026, 14.32.50] Koneksi WhatsApp TERHUBUNG - menunggu history sync...
[22/08/2026, 14.34.18] PERINGATAN   : tidak ada chunk histori dalam batas tunggu - lanjut dengan apa yang ada.
[22/08/2026, 14.34.18] BACKFILL     : 0 pesan grup akan diproses kronologis
[22/08/2026, 14.34.18] Pesan grup      : 0 unik diproses
[22/08/2026, 14.34.18] ========== RINGKASAN BACKFILL ==========
[22/08/2026, 14.34.18] Sudah diproses  : 0 (dari run sebelumnya, dilewati)
[22/08/2026, 14.34.18] Rentang         : Sabtu, 01/08/2026, 00.00.00 s.d. sekarang (WIB)
[22/08/2026, 14.34.18] Gambar          : 0 | media gagal/kadaluarsa: 0
[22/08/2026, 14.34.18] Nomor pending   : +0 | duplikat dilewati: 0
[22/08/2026, 14.34.18] Klaim           : 0 ditulis | tanpa target: 0
[22/08/2026, 14.34.18] Baris sheet     : OK 0 | gagal 0
[22/08/2026, 14.34.18] Sisa antrian    : 0 nomor tak terklaim sampai akhir histori
[22/08/2026, 14.34.18] Prosesed ids    : C:\react belajar\node-wa\data\backfillProcessed.json
[22/08/2026, 14.34.18] ========================================
[22/08/2026, 14.34.18] Koneksi terputus (code ?). Reconnect dalam 3 detik... (1/5)
[22/08/2026, 14.34.23] Koneksi WhatsApp TERHUBUNG - menunggu history sync...
