[04/09/2026, 10.09.16] Antrian pending: 0 nomor menunggu klaim
[04/09/2026, 10.09.16] Koneksi WhatsApp TERHUBUNG.
[04/09/2026, 10.09.17] Grup target   : grup sales pt (120363021369281320@g.us)
[04/09/2026, 12.55.45] Koneksi terputus (code 428). Reconnect dalam 3 detik...
[04/09/2026, 12.55.50] Koneksi WhatsApp TERHUBUNG.
[04/09/2026, 12.55.50] Antrian pending: 0 nomor menunggu klaim
[04/09/2026, 12.55.51] Grup target   : grup sales pt (120363021369281320@g.us)
[04/09/2026, 13.08.31] Koneksi terputus (code 408). Reconnect dalam 3 detik...
[04/09/2026, 13.08.36] Koneksi WhatsApp TERHUBUNG.
[04/09/2026, 13.08.36] Antrian pending: 0 nomor menunggu klaim
[04/09/2026, 13.08.36] Grup target   : grup sales pt (120363021369281320@g.us)
[04/09/2026, 13.33.42] Koneksi terputus (code 428). Reconnect dalam 3 detik...
[04/09/2026, 13.33.46] Koneksi terputus (code 408). Reconnect dalam 3 detik...
[04/09/2026, 13.33.49] Koneksi terputus (code 408). Reconnect dalam 3 detik...
[04/09/2026, 13.33.52] Koneksi terputus (code 408). Reconnect dalam 3 detik...
[04/09/2026, 13.33.55] Koneksi terputus (code 408). Reconnect dalam 3 detik...
[04/09/2026, 13.33.58] Koneksi terputus (code 408). Reconnect dalam 3 detik...
[04/09/2026, 13.34.01] Koneksi terputus (code 408). Reconnect dalam 3 detik...
[04/09/2026, 13.34.04] Koneksi terputus (code 408). Reconnect dalam 3 detik...
[04/09/2026, 13.34.07] Koneksi terputus (code 408). Reconnect dalam 3 detik...
[04/09/2026, 13.34.10] Koneksi terputus (code 408). Reconnect dalam 3 detik...
[04/09/2026, 13.34.13] Koneksi terputus (code 408). Reconnect dalam 3 detik...
[04/09/2026, 13.34.16] Koneksi terputus (code 408). Reconnect dalam 3 detik...
[04/09/2026, 13.34.19] Koneksi terputus (code 408). Reconnect dalam 3 detik...
[04/09/2026, 13.34.22] Koneksi terputus (code 408). Reconnect dalam 3 detik...
[04/09/2026, 13.34.25] Koneksi terputus (code 408). Reconnect dalam 3 detik...
[04/09/2026, 13.34.31] Koneksi WhatsApp TERHUBUNG.
[04/09/2026, 13.34.31] Antrian pending: 0 nomor menunggu klaim
[04/09/2026, 13.34.32] Grup target   : grup sales pt (120363021369281320@g.us)
[04/09/2026, 14.00.41] Koneksi terputus (code 428). Reconnect dalam 3 detik...
[04/09/2026, 14.00.52] Koneksi WhatsApp TERHUBUNG.
[04/09/2026, 14.00.52] Antrian pending: 0 nomor menunggu klaim
[04/09/2026, 14.00.52] Grup target   : grup sales pt (120363021369281320@g.us)
[04/09/2026, 15.28.50] Koneksi terputus (code 428). Reconnect dalam 3 detik...
[04/09/2026, 15.29.00] Koneksi WhatsApp TERHUBUNG.
[04/09/2026, 15.29.00] Antrian pending: 0 nomor menunggu klaim
[04/09/2026, 15.29.00] Grup target   : grup sales pt (120363021369281320@g.us)
[04/09/2026, 15.31.51] Koneksi terputus (code 428). Reconnect dalam 3 detik...
[04/09/2026, 15.31.54] Koneksi terputus (code 408). Reconnect dalam 3 detik...
[04/09/2026, 15.32.19] Koneksi terputus (code 408). Reconnect dalam 3 detik...
[04/09/2026, 15.32.26] Koneksi WhatsApp TERHUBUNG.
[04/09/2026, 15.32.26] Antrian pending: 0 nomor menunggu klaim
[04/09/2026, 15.32.27] Grup target   : grup sales pt (120363021369281320@g.us)
[04/09/2026, 15.36.33] ========== PESAN MASUK ==========
[04/09/2026, 15.36.33] TYPE       : notify
[04/09/2026, 15.36.33] GROUP_NAME : grup sales pt
[04/09/2026, 15.36.33] FROM       : 75144932388948@lid
[04/09/2026, 15.36.33] FROM ME    : false
[04/09/2026, 15.36.33] TEXT       : -
[04/09/2026, 15.36.33] HAS_IMAGE  : true
[04/09/2026, 15.36.33] GROUP      : 120363021369281320@g.us
[04/09/2026, 15.36.35] IMAGE_SAVED : C:\react belajar\node-wa\media\1788510995921_75144932388948lid.jpg
[04/09/2026, 15.36.42] OCR_TEXT     : VW ini v7 Produk E pes | = 3 BERBER Genset 80 KVA Silent Heavy Dut... 3 : | Rp100.000.000 — : | ll O terjual a 1 Momen amanat ain = Hi HEA HR = 3355 WAN | NN NM | — I oo. CE 5... SEE olamatan anda ee SE | Loyblemepesit] Atal pay = Epi Minoo Bag pr “Maki, ol, le | HET nan
[04/09/2026, 15.36.42] PHONE_FOUND  : -
[04/09/2026, 15.36.42] ==================================
[04/09/2026, 15.45.02] Koneksi terputus (code 408). Reconnect dalam 3 detik...
[04/09/2026, 15.45.13] Koneksi WhatsApp TERHUBUNG.
[04/09/2026, 15.45.13] Antrian pending: 0 nomor menunggu klaim
[04/09/2026, 15.45.15] Grup target   : grup sales pt (120363021369281320@g.us)
[04/09/2026, 15.47.05] Koneksi terputus (code 428). Reconnect dalam 3 detik...
[04/09/2026, 15.47.10] Koneksi WhatsApp TERHUBUNG.
[04/09/2026, 15.47.10] Antrian pending: 0 nomor menunggu klaim
[04/09/2026, 15.47.11] Grup target   : grup sales pt (120363021369281320@g.us)
[04/09/2026, 15.49.28] TYPE       : notify
[04/09/2026, 15.49.28] ========== PESAN MASUK ==========
[04/09/2026, 15.49.28] GROUP      : 120363021369281320@g.us
[04/09/2026, 15.49.28] GROUP_NAME : grup sales pt
[04/09/2026, 15.49.28] FROM       : 138260047257624@lid
[04/09/2026, 15.49.28] TEXT       : ok
[04/09/2026, 15.49.28] FROM ME    : false
[04/09/2026, 15.49.28] HAS_IMAGE  : false
[04/09/2026, 15.49.28] CLAIM_SKIP   : tidak ada nomor HP pending untuk diklaim
[04/09/2026, 15.49.28] ==================================
[04/09/2026, 15.49.29] ========== PESAN MASUK ==========
[04/09/2026, 15.49.29] TYPE       : notify
[04/09/2026, 15.49.29] FROM ME    : false
[04/09/2026, 15.49.29] FROM       : 24202576969890@lid
[04/09/2026, 15.49.29] TEXT       : Hallo Erik, Jangan lupa bukti FU di-upload di Paperwork yang sudah disediakan. Link Google Sheets: https://docs.google.com/spreadsheets/d/1q2hLw077h8uJAYJMu3uxT-TxT3HV78DojFAvhI7T7hY/edit?gid=147428211#gid=147428211
[04/09/2026, 15.49.29] GROUP_NAME : grup sales pt
[04/09/2026, 15.49.29] GROUP      : 120363021369281320@g.us
[04/09/2026, 15.49.29] HAS_IMAGE  : false
[04/09/2026, 15.49.29] ==================================
[04/09/2026, 15.51.28] Koneksi terputus (code 428). Reconnect dalam 3 detik...
[04/09/2026, 15.51.34] Koneksi WhatsApp TERHUBUNG.
[04/09/2026, 15.51.34] Antrian pending: 0 nomor menunggu klaim
[04/09/2026, 15.51.35] Grup target   : grup sales pt (120363021369281320@g.us)
[04/09/2026, 15.53.23] Koneksi terputus (code 428). Reconnect dalam 3 detik...
[04/09/2026, 15.53.26] Koneksi terputus (code 408). Reconnect dalam 3 detik...
[04/09/2026, 15.53.29] Koneksi terputus (code 408). Reconnect dalam 3 detik...
[04/09/2026, 15.53.35] Antrian pending: 0 nomor menunggu klaim
[04/09/2026, 15.53.35] Koneksi WhatsApp TERHUBUNG.
[04/09/2026, 15.53.35] Grup target   : grup sales pt (120363021369281320@g.us)
[04/09/2026, 16.01.03] Koneksi terputus (code 428). Reconnect dalam 3 detik...
[04/09/2026, 16.01.09] Koneksi WhatsApp TERHUBUNG.
[04/09/2026, 16.01.09] Antrian pending: 0 nomor menunggu klaim
[04/09/2026, 16.01.09] Grup target   : grup sales pt (120363021369281320@g.us)
[04/09/2026, 16.05.07] Koneksi terputus (code 428). Reconnect dalam 3 detik...
[04/09/2026, 16.05.12] Koneksi WhatsApp TERHUBUNG.
[04/09/2026, 16.05.12] Antrian pending: 0 nomor menunggu klaim
[04/09/2026, 16.05.12] Grup target   : grup sales pt (120363021369281320@g.us)
[04/09/2026, 16.16.52] ========== PESAN MASUK ==========
[04/09/2026, 16.16.52] GROUP      : 120363021369281320@g.us
[04/09/2026, 16.16.52] GROUP_NAME : grup sales pt
[04/09/2026, 16.16.52] TYPE       : notify
[04/09/2026, 16.16.52] FROM       : 24202576969890@lid
[04/09/2026, 16.16.52] TEXT       : ==| Jumat, 4 September 2026, jam 16:16 |== *Hallo Ina, ada yang mengajukan penawaran* _info_: - Nama Customer: Serfian Dinata - Nomor Telp: 81350405539 - Email: umum@bankkalbar.co.id - Product: Genset Silent Inverter 10Kva 8000W Tsuzumi TIG 10000ISE Japan Technology - Link: https://www.pelangiteknik.com/product/genset-silent-inverter-10-kva-8000-watt-1-phase-tsuzumi-tig-10000-ise - PIC Sales: Ina #GoGetEm
[04/09/2026, 16.16.52] FROM ME    : false
[04/09/2026, 16.16.52] HAS_IMAGE  : false
[04/09/2026, 16.16.56] ========== LEAD NOTIFICATION ==========
[04/09/2026, 16.16.56] LEAD_DETECT  : notifikasi lead terstruktur terdeteksi
[04/09/2026, 16.16.56] CUSTOMER     : Serfian Dinata
[04/09/2026, 16.16.56] PHONE        : 6281350405539
[04/09/2026, 16.16.56] EMAIL        : umum@bankkalbar.co.id
[04/09/2026, 16.16.56] PRODUCT      : Genset Silent Inverter 10Kva 8000W Tsuzumi TIG 10000ISE Japan Technology
[04/09/2026, 16.16.56] SALES        : Ina
[04/09/2026, 16.16.56] SHEET_STATUS : success
[04/09/2026, 16.16.56] =======================================
[04/09/2026, 16.16.56] ==================================
[04/09/2026, 16.39.28] ========== PESAN MASUK ==========
[04/09/2026, 16.39.28] GROUP      : 120363021369281320@g.us
[04/09/2026, 16.39.28] FROM       : 75144932388948@lid
[04/09/2026, 16.39.28] GROUP_NAME : grup sales pt
[04/09/2026, 16.39.28] TYPE       : notify
[04/09/2026, 16.39.28] HAS_IMAGE  : false
[04/09/2026, 16.39.28] FROM ME    : false
[04/09/2026, 16.39.28] ==================================
[04/09/2026, 16.39.28] TEXT       : bsk sy mau ke bekasi
[04/09/2026, 16.39.31] ========== PESAN MASUK ==========
[04/09/2026, 16.39.31] GROUP_NAME : grup sales pt
[04/09/2026, 16.39.31] GROUP      : 120363021369281320@g.us
[04/09/2026, 16.39.31] TYPE       : notify
[04/09/2026, 16.39.31] FROM       : 75144932388948@lid
[04/09/2026, 16.39.31] ==================================
[04/09/2026, 16.39.31] HAS_IMAGE  : false
[04/09/2026, 16.39.31] FROM ME    : false
[04/09/2026, 16.39.31] TEXT       : sales2 masuk ya
[04/09/2026, 16.41.54] ========== PESAN MASUK ==========
[04/09/2026, 16.41.54] TYPE       : notify
[04/09/2026, 16.41.54] FROM       : 70884224147606@lid
[04/09/2026, 16.41.54] GROUP_NAME : grup sales pt
[04/09/2026, 16.41.54] GROUP      : 120363021369281320@g.us
[04/09/2026, 16.41.54] HAS_IMAGE  : false
[04/09/2026, 16.41.54] FROM ME    : false
[04/09/2026, 16.41.54] ==================================
[04/09/2026, 16.41.54] TEXT       : iya ci
