[31/08/2026, 09.38.10] Koneksi WhatsApp TERHUBUNG.
[31/08/2026, 09.38.10] Antrian pending: 0 nomor menunggu klaim
[31/08/2026, 09.38.10] Grup target   : grup sales pt (120363021369281320@g.us)
[31/08/2026, 10.44.39] ========== PESAN MASUK ==========
[31/08/2026, 10.44.39] TYPE       : notify
[31/08/2026, 10.44.39] GROUP      : 120363021369281320@g.us
[31/08/2026, 10.44.39] FROM       : 237829602938908@lid
[31/08/2026, 10.44.39] FROM ME    : false
[31/08/2026, 10.44.39] GROUP_NAME : grup sales pt
[31/08/2026, 10.44.39] TEXT       : -
[31/08/2026, 10.44.39] HAS_IMAGE  : true
[31/08/2026, 10.44.39] IMAGE_SAVED : C:\react belajar\node-wa\media\1788147879381_237829602938908lid.jpg
[31/08/2026, 10.44.41] OCR_TEXT     : 1044 AD® - =. ED < £3 +62 813-8942-2611 = RE : online < a) / SERBA, » Camar =) Oo TERBAIK! + Mesin 6.5 HP Ini contohnya or [1 @ Pesan 0 ©@ 8)
[31/08/2026, 10.44.41] PHONE_FOUND  : 6281389422611
[31/08/2026, 10.44.41] ==================================
[31/08/2026, 10.44.41] PENDING_QUEUE: 6281389422611 menunggu klaim (antrian: 1)
[31/08/2026, 10.45.10] ========== PESAN MASUK ==========
[31/08/2026, 10.45.10] TYPE       : notify
[31/08/2026, 10.45.10] GROUP_NAME : grup sales pt
[31/08/2026, 10.45.10] GROUP      : 120363021369281320@g.us
[31/08/2026, 10.45.10] FROM       : 138260047257624@lid
[31/08/2026, 10.45.10] HAS_IMAGE  : false
[31/08/2026, 10.45.10] TEXT       : Oke
[31/08/2026, 10.45.10] FROM ME    : false
[31/08/2026, 10.45.11] ========== PESAN MASUK ==========
[31/08/2026, 10.45.11] GROUP_NAME : grup sales pt
[31/08/2026, 10.45.11] FROM       : 24202576969890@lid
[31/08/2026, 10.45.11] TYPE       : notify
[31/08/2026, 10.45.11] GROUP      : 120363021369281320@g.us
[31/08/2026, 10.45.11] TEXT       : Hallo Erik, Jangan lupa bukti FU di-upload di Paperwork yang sudah disediakan. Link Google Sheets: https://docs.google.com/spreadsheets/d/1q2hLw077h8uJAYJMu3uxT-TxT3HV78DojFAvhI7T7hY/edit?gid=147428211#gid=147428211
[31/08/2026, 10.45.11] HAS_IMAGE  : false
[31/08/2026, 10.45.11] FROM ME    : false
[31/08/2026, 10.45.11] ==================================
[31/08/2026, 10.45.13] ========== KLAIM PIC ==========
[31/08/2026, 10.45.13] PIC_NAME     : Erik
[31/08/2026, 10.45.13] SHEET_STATUS : success
[31/08/2026, 10.45.13] CLAIMED_BY   : 138260047257624@lid
[31/08/2026, 10.45.13] ================================
[31/08/2026, 10.45.13] PHONE        : 6281389422611
[31/08/2026, 10.45.13] ==================================
[31/08/2026, 10.45.13] METHOD       : FIFO
[31/08/2026, 11.26.50] ========== PESAN MASUK ==========
[31/08/2026, 11.26.50] TYPE       : notify
[31/08/2026, 11.26.50] GROUP      : 120363021369281320@g.us
[31/08/2026, 11.26.50] GROUP_NAME : grup sales pt
[31/08/2026, 11.26.50] FROM       : 24202576969890@lid
[31/08/2026, 11.26.50] TEXT       : ==| Senin, 31 Agustus 2026, jam 11:26 |== *Hallo Sifa, ada yang mengajukan penawaran* _info_: - Nama Customer: puput - Nomor Telp: 81211302117 - Email: puputproject66@gmail.com - Product: Kompresor angin 3 hp 8 bar Montoya D-0.28/8 + Dinamo 3 hp 3 phase FAW 100% Full Tembaga - Link: https://www.pelangiteknik.com/product/kompresor-angin-3-hp-montoya-d0288-dinamo-3-hp-3-phase-faw-100-full-tembaga - PIC Sales: Sifa #StayStrong
[31/08/2026, 11.26.50] HAS_IMAGE  : false
[31/08/2026, 11.26.50] FROM ME    : false
[31/08/2026, 11.26.53] ========== LEAD NOTIFICATION ==========
[31/08/2026, 11.26.53] LEAD_DETECT  : notifikasi lead terstruktur terdeteksi
[31/08/2026, 11.26.53] CUSTOMER     : puput
[31/08/2026, 11.26.53] EMAIL        : puputproject66@gmail.com
[31/08/2026, 11.26.53] PRODUCT      : Kompresor angin 3 hp 8 bar Montoya D-0.28/8 + Dinamo 3 hp 3 phase FAW 100% Full Tembaga
[31/08/2026, 11.26.53] SALES        : Sifa
[31/08/2026, 11.26.53] SHEET_STATUS : success
[31/08/2026, 11.26.53] =======================================
[31/08/2026, 11.26.53] PHONE        : 6281211302117
[31/08/2026, 11.26.53] ==================================
[31/08/2026, 12.42.48] Koneksi terputus (code 428). Reconnect dalam 3 detik...
[31/08/2026, 12.42.53] Koneksi WhatsApp TERHUBUNG.
[31/08/2026, 12.42.53] Antrian pending: 0 nomor menunggu klaim
[31/08/2026, 12.42.54] Grup target   : grup sales pt (120363021369281320@g.us)
[31/08/2026, 13.07.11] Koneksi terputus (code 428). Reconnect dalam 3 detik...
[31/08/2026, 13.07.20] Koneksi WhatsApp TERHUBUNG.
[31/08/2026, 13.07.20] Antrian pending: 0 nomor menunggu klaim
[31/08/2026, 13.07.20] Grup target   : grup sales pt (120363021369281320@g.us)
[31/08/2026, 13.10.07] Koneksi terputus (code 428). Reconnect dalam 3 detik...
[31/08/2026, 13.10.10] Koneksi terputus (code 408). Reconnect dalam 3 detik...
[31/08/2026, 13.10.13] Koneksi terputus (code 408). Reconnect dalam 3 detik...
[31/08/2026, 13.10.16] Koneksi terputus (code 408). Reconnect dalam 3 detik...
[31/08/2026, 13.10.19] Koneksi terputus (code 408). Reconnect dalam 3 detik...
[31/08/2026, 13.10.22] Koneksi terputus (code 408). Reconnect dalam 3 detik...
[31/08/2026, 13.10.26] Koneksi terputus (code 408). Reconnect dalam 3 detik...
[31/08/2026, 13.10.39] Koneksi terputus (code 408). Reconnect dalam 3 detik...
[31/08/2026, 13.10.44] Koneksi WhatsApp TERHUBUNG.
[31/08/2026, 13.10.44] Antrian pending: 0 nomor menunggu klaim
[31/08/2026, 13.10.45] Grup target   : grup sales pt (120363021369281320@g.us)
[31/08/2026, 13.11.16] Koneksi terputus (code 428). Reconnect dalam 3 detik...
[31/08/2026, 13.12.02] Koneksi terputus (code 428). Reconnect dalam 3 detik...
[31/08/2026, 13.12.15] Koneksi terputus (code 408). Reconnect dalam 3 detik...
[31/08/2026, 13.12.18] Koneksi terputus (code 408). Reconnect dalam 3 detik...
[31/08/2026, 13.12.21] Koneksi terputus (code 408). Reconnect dalam 3 detik...
[31/08/2026, 13.12.24] Koneksi terputus (code 408). Reconnect dalam 3 detik...
[31/08/2026, 13.12.38] Koneksi terputus (code 408). Reconnect dalam 3 detik...
[31/08/2026, 13.12.41] Koneksi terputus (code 408). Reconnect dalam 3 detik...
[31/08/2026, 13.12.44] Koneksi terputus (code 408). Reconnect dalam 3 detik...
[31/08/2026, 13.13.08] Koneksi terputus (code 408). Reconnect dalam 3 detik...
[31/08/2026, 13.13.11] Koneksi terputus (code 408). Reconnect dalam 3 detik...
[31/08/2026, 13.13.14] Koneksi terputus (code 408). Reconnect dalam 3 detik...
[31/08/2026, 13.13.17] Koneksi terputus (code 408). Reconnect dalam 3 detik...
[31/08/2026, 13.13.20] Koneksi terputus (code 408). Reconnect dalam 3 detik...
[31/08/2026, 13.13.23] Koneksi terputus (code 408). Reconnect dalam 3 detik...
[31/08/2026, 13.13.49] Koneksi terputus (code 408). Reconnect dalam 3 detik...
[31/08/2026, 13.14.12] Koneksi terputus (code 408). Reconnect dalam 3 detik...
[31/08/2026, 13.14.15] Koneksi terputus (code 408). Reconnect dalam 3 detik...
[31/08/2026, 13.14.18] Koneksi terputus (code 408). Reconnect dalam 3 detik...
[31/08/2026, 13.14.21] Koneksi terputus (code 408). Reconnect dalam 3 detik...
[31/08/2026, 13.14.24] Koneksi terputus (code 408). Reconnect dalam 3 detik...
[31/08/2026, 13.14.27] Koneksi terputus (code 408). Reconnect dalam 3 detik...
[31/08/2026, 13.14.30] Koneksi terputus (code 408). Reconnect dalam 3 detik...
[31/08/2026, 13.14.33] Koneksi terputus (code 408). Reconnect dalam 3 detik...
[31/08/2026, 13.14.36] Koneksi terputus (code 408). Reconnect dalam 3 detik...
[31/08/2026, 13.14.39] Koneksi terputus (code 408). Reconnect dalam 3 detik...
[31/08/2026, 13.14.42] Koneksi terputus (code 408). Reconnect dalam 3 detik...
[31/08/2026, 13.14.45] Koneksi terputus (code 408). Reconnect dalam 3 detik...
[31/08/2026, 13.14.48] Koneksi terputus (code 408). Reconnect dalam 3 detik...
[31/08/2026, 13.14.51] Koneksi terputus (code 408). Reconnect dalam 3 detik...
[31/08/2026, 13.14.54] Koneksi terputus (code 408). Reconnect dalam 3 detik...
[31/08/2026, 13.14.57] Koneksi terputus (code 408). Reconnect dalam 3 detik...
[31/08/2026, 13.15.00] Koneksi terputus (code 408). Reconnect dalam 3 detik...
[31/08/2026, 13.15.03] Koneksi terputus (code 408). Reconnect dalam 3 detik...
[31/08/2026, 13.15.06] Koneksi terputus (code 408). Reconnect dalam 3 detik...
[31/08/2026, 13.15.09] Koneksi terputus (code 408). Reconnect dalam 3 detik...
[31/08/2026, 13.15.12] Koneksi terputus (code 408). Reconnect dalam 3 detik...
[31/08/2026, 13.15.18] Koneksi WhatsApp TERHUBUNG.
[31/08/2026, 13.15.18] Antrian pending: 0 nomor menunggu klaim
[31/08/2026, 13.15.19] Grup target   : grup sales pt (120363021369281320@g.us)
[31/08/2026, 13.18.06] Koneksi terputus (code 428). Reconnect dalam 3 detik...
[31/08/2026, 13.18.20] Koneksi terputus (code 408). Reconnect dalam 3 detik...
[31/08/2026, 13.18.25] Koneksi WhatsApp TERHUBUNG.
[31/08/2026, 13.18.25] Antrian pending: 0 nomor menunggu klaim
[31/08/2026, 13.18.25] Grup target   : grup sales pt (120363021369281320@g.us)
[31/08/2026, 13.19.43] Koneksi terputus (code 428). Reconnect dalam 3 detik...
[31/08/2026, 13.19.56] Koneksi terputus (code 408). Reconnect dalam 3 detik...
[31/08/2026, 13.20.17] Koneksi terputus (code 408). Reconnect dalam 3 detik...
[31/08/2026, 13.20.35] Koneksi terputus (code 408). Reconnect dalam 3 detik...
[31/08/2026, 13.20.59] Koneksi terputus (code 408). Reconnect dalam 3 detik...
[31/08/2026, 13.21.02] Koneksi terputus (code 408). Reconnect dalam 3 detik...
[31/08/2026, 13.21.05] Koneksi terputus (code 408). Reconnect dalam 3 detik...
[31/08/2026, 13.21.08] Koneksi terputus (code 408). Reconnect dalam 3 detik...
[31/08/2026, 13.21.11] Koneksi terputus (code 408). Reconnect dalam 3 detik...
[31/08/2026, 13.21.36] Koneksi terputus (code 408). Reconnect dalam 3 detik...
[31/08/2026, 13.22.01] Koneksi terputus (code 408). Reconnect dalam 3 detik...
[31/08/2026, 13.22.26] Koneksi terputus (code 408). Reconnect dalam 3 detik...
[31/08/2026, 13.22.29] Koneksi terputus (code 408). Reconnect dalam 3 detik...
[31/08/2026, 13.22.32] Koneksi terputus (code 408). Reconnect dalam 3 detik...
[31/08/2026, 13.22.35] Koneksi terputus (code 408). Reconnect dalam 3 detik...
[31/08/2026, 13.22.38] Koneksi terputus (code 408). Reconnect dalam 3 detik...
[31/08/2026, 13.22.41] Koneksi terputus (code 408). Reconnect dalam 3 detik...
[31/08/2026, 13.22.53] Koneksi WhatsApp TERHUBUNG.
[31/08/2026, 13.22.53] Antrian pending: 0 nomor menunggu klaim
[31/08/2026, 13.22.53] Grup target   : grup sales pt (120363021369281320@g.us)
[31/08/2026, 13.24.41] Koneksi terputus (code 428). Reconnect dalam 3 detik...
[31/08/2026, 13.25.06] Koneksi WhatsApp TERHUBUNG.
[31/08/2026, 13.25.06] Antrian pending: 0 nomor menunggu klaim
[31/08/2026, 13.25.06] Grup target   : grup sales pt (120363021369281320@g.us)
[31/08/2026, 13.26.53] Koneksi terputus (code 428). Reconnect dalam 3 detik...
[31/08/2026, 13.27.07] Koneksi terputus (code 408). Reconnect dalam 3 detik...
[31/08/2026, 13.27.10] Koneksi terputus (code 408). Reconnect dalam 3 detik...
[31/08/2026, 13.27.13] Koneksi terputus (code 408). Reconnect dalam 3 detik...
[31/08/2026, 13.27.16] Koneksi terputus (code 408). Reconnect dalam 3 detik...
[31/08/2026, 13.27.19] Koneksi terputus (code 408). Reconnect dalam 3 detik...
[31/08/2026, 13.27.22] Koneksi terputus (code 408). Reconnect dalam 3 detik...
[31/08/2026, 13.27.31] Koneksi terputus (code 408). Reconnect dalam 3 detik...
[31/08/2026, 13.27.34] Koneksi terputus (code 408). Reconnect dalam 3 detik...
[31/08/2026, 13.27.37] Koneksi terputus (code 408). Reconnect dalam 3 detik...
[31/08/2026, 13.27.40] Koneksi terputus (code 408). Reconnect dalam 3 detik...
[31/08/2026, 13.27.43] Koneksi terputus (code 408). Reconnect dalam 3 detik...
[31/08/2026, 13.27.46] Koneksi terputus (code 408). Reconnect dalam 3 detik...
[31/08/2026, 13.27.58] Koneksi WhatsApp TERHUBUNG.
[31/08/2026, 13.27.58] Antrian pending: 0 nomor menunggu klaim
[31/08/2026, 13.27.59] Grup target   : grup sales pt (120363021369281320@g.us)
[31/08/2026, 13.29.17] Koneksi terputus (code 428). Reconnect dalam 3 detik...
[31/08/2026, 13.29.31] Koneksi terputus (code 408). Reconnect dalam 3 detik...
[31/08/2026, 13.29.44] Koneksi terputus (code 408). Reconnect dalam 3 detik...
[31/08/2026, 13.30.08] Koneksi terputus (code 408). Reconnect dalam 3 detik...
[31/08/2026, 13.30.33] Koneksi terputus (code 408). Reconnect dalam 3 detik...
[31/08/2026, 13.30.47] Koneksi terputus (code 408). Reconnect dalam 3 detik...
[31/08/2026, 13.30.56] Koneksi WhatsApp TERHUBUNG.
[31/08/2026, 13.30.56] Antrian pending: 0 nomor menunggu klaim
[31/08/2026, 13.30.56] Grup target   : grup sales pt (120363021369281320@g.us)
[31/08/2026, 13.34.43] Koneksi terputus (code 428). Reconnect dalam 3 detik...
[31/08/2026, 13.34.57] Koneksi terputus (code 408). Reconnect dalam 3 detik...
[31/08/2026, 13.35.11] Koneksi terputus (code 408). Reconnect dalam 3 detik...
[31/08/2026, 13.35.24] Koneksi terputus (code 408). Reconnect dalam 3 detik...
[31/08/2026, 13.35.38] Koneksi terputus (code 408). Reconnect dalam 3 detik...
[31/08/2026, 13.35.52] Koneksi terputus (code 408). Reconnect dalam 3 detik...
[31/08/2026, 13.36.17] Koneksi terputus (code 408). Reconnect dalam 3 detik...
[31/08/2026, 13.36.30] Koneksi terputus (code 408). Reconnect dalam 3 detik...
[31/08/2026, 13.36.55] Koneksi terputus (code 408). Reconnect dalam 3 detik...
[31/08/2026, 13.37.18] Koneksi terputus (code 408). Reconnect dalam 3 detik...
[31/08/2026, 13.37.32] Koneksi terputus (code 408). Reconnect dalam 3 detik...
[31/08/2026, 13.37.45] Koneksi terputus (code 408). Reconnect dalam 3 detik...
[31/08/2026, 13.38.06] Koneksi WhatsApp TERHUBUNG.
[31/08/2026, 13.38.06] Antrian pending: 0 nomor menunggu klaim
[31/08/2026, 13.38.08] Grup target   : grup sales pt (120363021369281320@g.us)
[31/08/2026, 13.39.24] Koneksi terputus (code 428). Reconnect dalam 3 detik...
[31/08/2026, 13.39.40] Koneksi terputus (code 408). Reconnect dalam 3 detik...
[31/08/2026, 13.39.43] Koneksi terputus (code 408). Reconnect dalam 3 detik...
[31/08/2026, 13.39.46] Koneksi terputus (code 408). Reconnect dalam 3 detik...
[31/08/2026, 13.39.49] Koneksi terputus (code 408). Reconnect dalam 3 detik...
[31/08/2026, 13.39.58] Koneksi terputus (code 408). Reconnect dalam 3 detik...
[31/08/2026, 13.40.01] Koneksi terputus (code 408). Reconnect dalam 3 detik...
[31/08/2026, 13.40.04] Koneksi terputus (code 408). Reconnect dalam 3 detik...
[31/08/2026, 13.40.07] Koneksi terputus (code 408). Reconnect dalam 3 detik...
[31/08/2026, 13.40.10] Koneksi terputus (code 408). Reconnect dalam 3 detik...
[31/08/2026, 13.40.36] Koneksi terputus (code 408). Reconnect dalam 3 detik...
[31/08/2026, 13.40.39] Koneksi terputus (code 408). Reconnect dalam 3 detik...
[31/08/2026, 13.40.42] Koneksi terputus (code 408). Reconnect dalam 3 detik...
[31/08/2026, 13.40.45] Koneksi terputus (code 408). Reconnect dalam 3 detik...
[31/08/2026, 13.40.48] Koneksi terputus (code 408). Reconnect dalam 3 detik...
[31/08/2026, 13.40.51] Koneksi terputus (code 408). Reconnect dalam 3 detik...
[31/08/2026, 13.40.54] Koneksi terputus (code 408). Reconnect dalam 3 detik...
[31/08/2026, 13.41.03] Koneksi terputus (code 408). Reconnect dalam 3 detik...
[31/08/2026, 13.41.06] Koneksi terputus (code 408). Reconnect dalam 3 detik...
[31/08/2026, 13.41.19] Koneksi terputus (code 408). Reconnect dalam 3 detik...
[31/08/2026, 13.41.22] Koneksi terputus (code 408). Reconnect dalam 3 detik...
[31/08/2026, 13.41.26] Koneksi terputus (code 408). Reconnect dalam 3 detik...
[31/08/2026, 13.41.51] Koneksi terputus (code 408). Reconnect dalam 3 detik...
[31/08/2026, 13.41.54] Koneksi terputus (code 408). Reconnect dalam 3 detik...
[31/08/2026, 13.41.57] Koneksi terputus (code 408). Reconnect dalam 3 detik...
[31/08/2026, 13.42.00] Koneksi terputus (code 408). Reconnect dalam 3 detik...
[31/08/2026, 13.42.05] Koneksi WhatsApp TERHUBUNG.
[31/08/2026, 13.42.05] Antrian pending: 0 nomor menunggu klaim
[31/08/2026, 13.42.05] Grup target   : grup sales pt (120363021369281320@g.us)
[31/08/2026, 13.45.53] Koneksi terputus (code 428). Reconnect dalam 3 detik...
[31/08/2026, 13.46.15] Koneksi terputus (code 408). Reconnect dalam 3 detik...
[31/08/2026, 13.46.29] Koneksi terputus (code 408). Reconnect dalam 3 detik...
[31/08/2026, 13.46.42] Koneksi terputus (code 408). Reconnect dalam 3 detik...
[31/08/2026, 13.46.56] Koneksi terputus (code 408). Reconnect dalam 3 detik...
[31/08/2026, 13.47.09] Koneksi terputus (code 408). Reconnect dalam 3 detik...
[31/08/2026, 13.47.23] Koneksi terputus (code 408). Reconnect dalam 3 detik...
[31/08/2026, 13.47.36] Koneksi WhatsApp TERHUBUNG.
[31/08/2026, 13.47.36] Antrian pending: 0 nomor menunggu klaim
[31/08/2026, 13.47.36] Grup target   : grup sales pt (120363021369281320@g.us)
[31/08/2026, 13.50.54] Koneksi terputus (code 428). Reconnect dalam 3 detik...
[31/08/2026, 13.50.57] Koneksi terputus (code 408). Reconnect dalam 3 detik...
[31/08/2026, 13.51.10] Koneksi terputus (code 408). Reconnect dalam 3 detik...
[31/08/2026, 13.51.13] Koneksi terputus (code 408). Reconnect dalam 3 detik...
[31/08/2026, 13.51.16] Koneksi terputus (code 408). Reconnect dalam 3 detik...
[31/08/2026, 13.51.19] Koneksi terputus (code 408). Reconnect dalam 3 detik...
[31/08/2026, 13.51.22] Koneksi terputus (code 408). Reconnect dalam 3 detik...
[31/08/2026, 13.51.25] Koneksi terputus (code 408). Reconnect dalam 3 detik...
[31/08/2026, 13.51.36] Koneksi WhatsApp TERHUBUNG.
[31/08/2026, 13.51.36] Antrian pending: 0 nomor menunggu klaim
[31/08/2026, 13.51.36] Grup target   : grup sales pt (120363021369281320@g.us)
[31/08/2026, 13.53.24] Koneksi terputus (code 428). Reconnect dalam 3 detik...
[31/08/2026, 13.53.27] Koneksi terputus (code 408). Reconnect dalam 3 detik...
[31/08/2026, 13.53.30] Koneksi terputus (code 408). Reconnect dalam 3 detik...
[31/08/2026, 13.53.33] Koneksi terputus (code 408). Reconnect dalam 3 detik...
[31/08/2026, 13.53.36] Koneksi terputus (code 408). Reconnect dalam 3 detik...
[31/08/2026, 13.53.50] Koneksi terputus (code 408). Reconnect dalam 3 detik...
[31/08/2026, 13.53.53] Koneksi terputus (code 408). Reconnect dalam 3 detik...
[31/08/2026, 13.53.56] Koneksi terputus (code 408). Reconnect dalam 3 detik...
[31/08/2026, 13.53.59] Koneksi terputus (code 408). Reconnect dalam 3 detik...
[31/08/2026, 13.54.21] Koneksi WhatsApp TERHUBUNG.
[31/08/2026, 13.54.21] Antrian pending: 0 nomor menunggu klaim
[31/08/2026, 13.54.21] Grup target   : grup sales pt (120363021369281320@g.us)
[31/08/2026, 13.56.09] Koneksi terputus (code 428). Reconnect dalam 3 detik...
[31/08/2026, 13.56.34] Koneksi terputus (code 408). Reconnect dalam 3 detik...
[31/08/2026, 13.56.37] Koneksi terputus (code 408). Reconnect dalam 3 detik...
[31/08/2026, 13.56.42] Koneksi WhatsApp TERHUBUNG.
[31/08/2026, 13.56.42] Antrian pending: 0 nomor menunggu klaim
[31/08/2026, 13.56.43] Grup target   : grup sales pt (120363021369281320@g.us)
[31/08/2026, 14.10.30] Koneksi terputus (code 428). Reconnect dalam 3 detik...
[31/08/2026, 14.10.55] Koneksi terputus (code 408). Reconnect dalam 3 detik...
[31/08/2026, 14.11.09] Koneksi terputus (code 408). Reconnect dalam 3 detik...
[31/08/2026, 14.11.22] Koneksi terputus (code 408). Reconnect dalam 3 detik...
[31/08/2026, 14.11.36] Koneksi terputus (code 408). Reconnect dalam 3 detik...
[31/08/2026, 14.11.49] Koneksi terputus (code 408). Reconnect dalam 3 detik...
[31/08/2026, 14.12.14] Koneksi terputus (code 408). Reconnect dalam 3 detik...
[31/08/2026, 14.12.39] Koneksi terputus (code 408). Reconnect dalam 3 detik...
[31/08/2026, 14.12.43] Koneksi WhatsApp TERHUBUNG.
[31/08/2026, 14.12.43] Antrian pending: 0 nomor menunggu klaim
[31/08/2026, 14.12.44] Grup target   : grup sales pt (120363021369281320@g.us)
[31/08/2026, 14.14.32] Koneksi terputus (code 428). Reconnect dalam 3 detik...
[31/08/2026, 14.14.45] Koneksi terputus (code 408). Reconnect dalam 3 detik...
[31/08/2026, 14.14.59] Koneksi terputus (code 408). Reconnect dalam 3 detik...
[31/08/2026, 14.15.24] Koneksi terputus (code 408). Reconnect dalam 3 detik...
[31/08/2026, 14.15.37] Koneksi terputus (code 408). Reconnect dalam 3 detik...
[31/08/2026, 14.16.00] Koneksi WhatsApp TERHUBUNG.
[31/08/2026, 14.16.00] Antrian pending: 0 nomor menunggu klaim
[31/08/2026, 14.16.00] Grup target   : grup sales pt (120363021369281320@g.us)
[31/08/2026, 14.16.33] Koneksi terputus (code 428). Reconnect dalam 3 detik...
[31/08/2026, 14.16.47] Koneksi terputus (code 408). Reconnect dalam 3 detik...
[31/08/2026, 14.16.50] Koneksi terputus (code 408). Reconnect dalam 3 detik...
[31/08/2026, 14.16.53] Koneksi terputus (code 408). Reconnect dalam 3 detik...
[31/08/2026, 14.16.56] Koneksi terputus (code 408). Reconnect dalam 3 detik...
[31/08/2026, 14.16.59] Koneksi terputus (code 408). Reconnect dalam 3 detik...
[31/08/2026, 14.17.02] Koneksi terputus (code 408). Reconnect dalam 3 detik...
[31/08/2026, 14.17.11] Koneksi terputus (code 408). Reconnect dalam 3 detik...
[31/08/2026, 14.17.14] Koneksi terputus (code 408). Reconnect dalam 3 detik...
[31/08/2026, 14.17.28] Koneksi terputus (code 408). Reconnect dalam 3 detik...
[31/08/2026, 14.17.31] Koneksi terputus (code 408). Reconnect dalam 3 detik...
[31/08/2026, 14.17.34] Koneksi terputus (code 408). Reconnect dalam 3 detik...
[31/08/2026, 14.17.37] Koneksi terputus (code 408). Reconnect dalam 3 detik...
[31/08/2026, 14.17.40] Koneksi terputus (code 408). Reconnect dalam 3 detik...
[31/08/2026, 14.17.50] Koneksi WhatsApp TERHUBUNG.
[31/08/2026, 14.17.50] Antrian pending: 0 nomor menunggu klaim
[31/08/2026, 14.17.50] Grup target   : grup sales pt (120363021369281320@g.us)
[31/08/2026, 14.46.06] Koneksi terputus (code 428). Reconnect dalam 3 detik...
[31/08/2026, 14.46.19] Koneksi terputus (code 408). Reconnect dalam 3 detik...
[31/08/2026, 14.46.35] Koneksi WhatsApp TERHUBUNG.
[31/08/2026, 14.46.35] Antrian pending: 0 nomor menunggu klaim
[31/08/2026, 14.46.36] Grup target   : grup sales pt (120363021369281320@g.us)
[31/08/2026, 14.47.24] Koneksi terputus (code 428). Reconnect dalam 3 detik...
[31/08/2026, 14.47.37] Koneksi terputus (code 408). Reconnect dalam 3 detik...
[31/08/2026, 14.47.51] Koneksi terputus (code 408). Reconnect dalam 3 detik...
[31/08/2026, 14.48.04] Koneksi terputus (code 408). Reconnect dalam 3 detik...
[31/08/2026, 14.48.27] Koneksi terputus (code 408). Reconnect dalam 3 detik...
[31/08/2026, 14.48.40] Koneksi terputus (code 408). Reconnect dalam 3 detik...
[31/08/2026, 14.48.55] Koneksi WhatsApp TERHUBUNG.
[31/08/2026, 14.48.55] Antrian pending: 0 nomor menunggu klaim
[31/08/2026, 14.48.55] Grup target   : grup sales pt (120363021369281320@g.us)
[31/08/2026, 14.50.42] Koneksi terputus (code 428). Reconnect dalam 3 detik...
